Interface Mode ON
Loaded 200 structures
Using complex_7w.pdb as reference
Read 2 chains from contacts file: AB
Symmetry option on. Checking chain lengths: WARNING!! Chains have different lengths! (B:285 != A:225)
You main run into problems later on...
OK!
Generating ZONE definitions..
Symmetry option was turned on, but chains are not identical: Turning symmetry off
Defined 1 zone(s)
ZONE CLEAR \n ZONE A27-A27:A27-A27 ZONE A28-A28:A28-A28 ZONE A29-A29:A29-A29 ZONE A36-A36:A36-A36 ZONE A37-A37:A37-A37 ZONE A38-A38:A38-A38 ZONE A39-A39:A39-A39 ZONE A40-A40:A40-A40 ZONE A42-A42:A42-A42 ZONE A52-A52:A52-A52 ZONE A53-A53:A53-A53 ZONE A54-A54:A54-A54 ZONE A55-A55:A55-A55 ZONE A56-A56:A56-A56 ZONE A57-A57:A57-A57 ZONE A58-A58:A58-A58 ZONE A64-A64:A64-A64 ZONE A65-A65:A65-A65 ZONE A66-A66:A66-A66 ZONE A67-A67:A67-A67 ZONE A68-A68:A68-A68 ZONE A69-A69:A69-A69 ZONE A70-A70:A70-A70 ZONE A71-A71:A71-A71 ZONE A72-A72:A72-A72 ZONE A80-A80:A80-A80 ZONE A83-A83:A83-A83 ZONE A84-A84:A84-A84 ZONE A85-A85:A85-A85 ZONE A106-A106:A106-A106 ZONE A107-A107:A107-A107 ZONE A108-A108:A108-A108 ZONE A109-A109:A109-A109 ZONE A110-A110:A110-A110 ZONE A111-A111:A111-A111 ZONE A112-A112:A112-A112 ZONE A113-A113:A113-A113 ZONE A114-A114:A114-A114 ZONE A115-A115:A115-A115 ZONE A116-A116:A116-A116 ZONE A117-A117:A117-A117 ZONE A203-A203:A203-A203 ZONE A225-A225:A225-A225 ZONE A226-A226:A226-A226 ZONE A227-A227:A227-A227 ZONE A228-A228:A228-A228 ZONE A229-A229:A229-A229 ZONE A236-A236:A236-A236 ZONE A237-A237:A237-A237 ZONE A238-A238:A238-A238 ZONE A239-A239:A239-A239 ZONE A240-A240:A240-A240 ZONE A254-A254:A254-A254 ZONE A255-A255:A255-A255 ZONE A256-A256:A256-A256 ZONE A257-A257:A257-A257 ZONE A258-A258:A258-A258 ZONE A263-A263:A263-A263 ZONE A264-A264:A264-A264 ZONE A266-A266:A266-A266 ZONE A280-A280:A280-A280 ZONE A281-A281:A281-A281 ZONE A282-A282:A282-A282 ZONE A283-A283:A283-A283 ZONE A284-A284:A284-A284 ZONE A285-A285:A285-A285 ZONE A306-A306:A306-A306 ZONE A307-A307:A307-A307 ZONE A308-A308:A308-A308 ZONE A309-A309:A309-A309 ZONE A314-A314:A314-A314 ZONE A315-A315:A315-A315 ZONE A316-A316:A316-A316 ZONE A317-A317:A317-A317\n ZONE B5-B5:B5-B5 ZONE B7-B7:B7-B7 ZONE B9-B9:B9-B9 ZONE B19-B19:B19-B19 ZONE B20-B20:B20-B20 ZONE B22-B22:B22-B22 ZONE B36-B36:B36-B36 ZONE B37-B37:B37-B37 ZONE B38-B38:B38-B38 ZONE B39-B39:B39-B39 ZONE B40-B40:B40-B40 ZONE B42-B42:B42-B42 ZONE B43-B43:B43-B43 ZONE B44-B44:B44-B44 ZONE B45-B45:B45-B45 ZONE B55-B55:B55-B55 ZONE B56-B56:B56-B56 ZONE B57-B57:B57-B57 ZONE B58-B58:B58-B58 ZONE B59-B59:B59-B59 ZONE B60-B60:B60-B60 ZONE B61-B61:B61-B61 ZONE B62-B62:B62-B62 ZONE B63-B63:B63-B63 ZONE B64-B64:B64-B64 ZONE B65-B65:B65-B65 ZONE B66-B66:B66-B66 ZONE B67-B67:B67-B67 ZONE B68-B68:B68-B68 ZONE B69-B69:B69-B69 ZONE B70-B70:B70-B70 ZONE B71-B71:B71-B71 ZONE B72-B72:B72-B72 ZONE B73-B73:B73-B73 ZONE B74-B74:B74-B74 ZONE B75-B75:B75-B75 ZONE B76-B76:B76-B76 ZONE B77-B77:B77-B77 ZONE B78-B78:B78-B78 ZONE B79-B79:B79-B79 ZONE B80-B80:B80-B80 ZONE B97-B97:B97-B97 ZONE B99-B99:B99-B99 ZONE B101-B101:B101-B101 ZONE B114-B114:B114-B114 ZONE B116-B116:B116-B116 ZONE B130-B130:B130-B130 ZONE B131-B131:B131-B131 ZONE B143-B143:B143-B143 ZONE B146-B146:B146-B146 ZONE B147-B147:B147-B147 ZONE B148-B148:B148-B148 ZONE B149-B149:B149-B149 ZONE B150-B150:B150-B150 ZONE B151-B151:B151-B151 ZONE B152-B152:B152-B152 ZONE B153-B153:B153-B153 ZONE B154-B154:B154-B154 ZONE B155-B155:B155-B155 ZONE B156-B156:B156-B156 ZONE B157-B157:B157-B157 ZONE B158-B158:B158-B158 ZONE B159-B159:B159-B159 ZONE B160-B160:B160-B160 ZONE B161-B161:B161-B161 ZONE B162-B162:B162-B162 ZONE B163-B163:B163-B163 ZONE B164-B164:B164-B164 ZONE B165-B165:B165-B165 ZONE B166-B166:B166-B166 ZONE B167-B167:B167-B167 ZONE B169-B169:B169-B169 ZONE B170-B170:B170-B170 ZONE B171-B171:B171-B171 ZONE B502-B502:B502-B502 ZONE B503-B503:B503-B503 ZONE B504-B504:B504-B504 ZONE B505-B505:B505-B505 ZONE B506-B506:B506-B506 ZONE B507-B507:B507-B507 ZONE B508-B508:B508-B508 ZONE B509-B509:B509-B509 ZONE B510-B510:B510-B510\n FIT
RMS: 0.000
1
RMS: 0.549
1
RMS: 0.716
1
RMS: 0.480
1
RMS: 0.826
1
RMS: 0.548
1
RMS: 0.566
1
RMS: 0.480
1
RMS: 0.678
1
RMS: 0.687
1
RMS: 0.388
1
RMS: 0.376
1
RMS: 0.736
1
RMS: 0.550
1
RMS: 1.097
1
RMS: 0.798
1
RMS: 0.494
1
RMS: 0.521
1
RMS: 0.804
1
RMS: 0.909
1
RMS: 0.656
1
RMS: 0.395
1
RMS: 0.952
1
RMS: 0.962
1
RMS: 0.839
1
RMS: 0.572
1
RMS: 0.495
1
RMS: 0.575
1
RMS: 0.640
1
RMS: 0.477
1
RMS: 0.709
1
RMS: 0.652
1
RMS: 0.604
1
RMS: 0.511
1
RMS: 0.462
1
RMS: 0.457
1
RMS: 0.559
1
RMS: 0.702
1
RMS: 0.693
1
RMS: 0.543
1
RMS: 0.712
1
RMS: 0.967
1
RMS: 1.202
1
RMS: 0.472
1
RMS: 1.422
1
RMS: 0.447
1
RMS: 0.727
1
RMS: 0.525
1
RMS: 0.575
1
RMS: 0.806
1
RMS: 0.928
1
RMS: 0.660
1
RMS: 0.442
1
RMS: 0.925
1
RMS: 0.608
1
RMS: 1.281
1
RMS: 0.803
1
RMS: 1.139
1
RMS: 1.178
1
RMS: 0.481
1
RMS: 1.023
1
RMS: 0.958
1
RMS: 0.680
1
RMS: 0.590
1
RMS: 0.845
1
RMS: 0.647
1
RMS: 1.121
1
RMS: 0.588
1
RMS: 0.735
1
RMS: 0.837
1
RMS: 0.832
1
RMS: 0.648
1
RMS: 0.752
1
RMS: 0.643
1
RMS: 0.536
1
RMS: 0.793
1
RMS: 0.543
1
RMS: 0.717
1
RMS: 1.137
1
RMS: 0.848
1
RMS: 0.833
1
RMS: 0.534
1
RMS: 0.732
1
RMS: 0.391
1
RMS: 1.016
1
RMS: 0.823
1
RMS: 0.756
1
RMS: 0.635
1
RMS: 0.708
1
RMS: 0.798
1
RMS: 0.912
1
RMS: 0.575
1
RMS: 0.854
1
RMS: 0.960
1
RMS: 1.304
1
RMS: 0.848
1
RMS: 0.563
1
RMS: 0.664
1
RMS: 0.811
1
RMS: 0.634
1
RMS: 0.949
1
RMS: 0.937
1
RMS: 0.404
1
RMS: 1.029
1
RMS: 0.635
1
RMS: 0.818
1
RMS: 0.746
1
RMS: 0.792
1
RMS: 1.029
1
RMS: 1.132
1
RMS: 0.924
1
RMS: 0.732
1
RMS: 0.842
1
RMS: 0.850
1
RMS: 0.775
1
RMS: 0.875
1
RMS: 0.692
1
RMS: 1.041
1
RMS: 0.728
1
RMS: 1.027
1
RMS: 0.848
1
RMS: 0.974
1
RMS: 0.691
1
RMS: 1.114
1
RMS: 0.800
1
RMS: 1.292
1
RMS: 0.657
1
RMS: 0.740
1
RMS: 0.722
1
RMS: 1.054
1
RMS: 0.524
1
RMS: 1.179
1
RMS: 0.801
1
RMS: 0.656
1
RMS: 0.605
1
RMS: 0.732
1
RMS: 1.267
1
RMS: 1.034
1
RMS: 1.115
1
RMS: 0.776
1
RMS: 0.887
1
RMS: 0.847
1
RMS: 1.074
1
RMS: 0.881
1
RMS: 0.755
1
RMS: 0.615
1
RMS: 0.920
1
RMS: 1.030
1
RMS: 0.470
1
RMS: 0.676
1
RMS: 0.754
1
RMS: 1.140
1
RMS: 0.899
1
RMS: 0.899
1
RMS: 1.097
1
RMS: 0.891
1
RMS: 0.758
1
RMS: 0.925
1
RMS: 1.195
1
RMS: 1.172
1
RMS: 1.310
1
RMS: 1.468
1
RMS: 0.921
1
RMS: 0.752
1
RMS: 1.308
1
RMS: 0.949
1
RMS: 1.456
1
RMS: 1.057
1
RMS: 1.362
1
RMS: 1.715
1
RMS: 1.268
1
RMS: 0.589
1
RMS: 1.050
1
RMS: 1.118
1
RMS: 1.158
1
RMS: 1.180
1
RMS: 1.411
1
RMS: 0.740
1
RMS: 0.692
1
RMS: 1.546
1
RMS: 1.007
1
RMS: 1.360
1
RMS: 1.025
1
RMS: 1.343
1
RMS: 0.874
1
RMS: 1.580
1
RMS: 0.986
1
RMS: 0.762
1
RMS: 1.262
1
RMS: 1.510
1
RMS: 1.154
1
RMS: 1.665
1
RMS: 1.260
1
RMS: 1.984
1
RMS: 1.729
1
RMS: 1.434
1
RMS: 10.341
1
RMS: 13.189
1
RMS: 36.286
1
RMS: 32.008
1

